[33mÔØ»[39m Building...
[32mÔ£ö[39m Building...
Application bundle generation failed. [2.377 seconds] - 2026-03-10T14:24:40.845Z

node.exe : 
[1m[31m[31mX [41;
31m[[41;97mERROR[41
;31m][0m 
[1mTS2322: Type 
'"small"' is not 
assignable to type 
'"normal" | "large" 
| "xlarge" | 
undefined'.[0m 
[1m[35m[plugin 
angular-compiler][0m
En C:\nvm4w\nodejs\ng
.ps1: 16 Carácter: 5
+     & 
"$basedir/node$exe"  
"$basedir/node_module
s/@angular/cli/bin/ng
 ...
+     ~~~~~~~~~~~~~~~
~~~~~~~~~~~~~~~~~~~~~
~~~~~~~~~~~~~~~~~~~~~
~~~~~~~~
    + CategoryInfo   
           : NotSpe  
  cified: ([1m[3   
 1m[31mX...r-com    
piler][0m:Strin    
g) [], RemoteExc    
eption
    + FullyQualified 
   ErrorId : Native  
  CommandError
 

    src/app/pages/hom
e/dashboard/dashboard
.html:71:62:
[37m      71 Ôöé 
...                [t
itle]="ticket.assigne
e" [32msize[37m="sm
all"></p-avatar>
         ÔòÁ         
                     
                
[32m~~~~[0m

  Error occurs in 
the template of 
component Dashboard.

    src/app/pages/hom
e/dashboard/dashboard
.ts:42:15:
[37m      42 Ôöé   
templateUrl: [32m'./
dashboard.html'[37m,
         ÔòÁ         
       [32m~~~~~~~~~
~~~~~~~~~[0m


[31mX [41;31m[[41;
97mERROR[41;31m][0m
 [1mTS2322: Type 
'"small"' is not 
assignable to type 
'"normal" | "large" 
| "xlarge" | 
undefined'.[0m 
[1m[35m[plugin 
angular-compiler][0m

    src/app/pages/hom
e/dashboard/dashboard
.html:100:62:
[37m      100 Ôöé 
...               [ti
tle]="ticket.assignee
" [32msize[37m="sma
ll"></p-avatar>
          ÔòÁ        
                     
                
[32m~~~~[0m

  Error occurs in 
the template of 
component Dashboard.

    src/app/pages/hom
e/dashboard/dashboard
.ts:42:15:
[37m      42 Ôöé   
templateUrl: [32m'./
dashboard.html'[37m,
         ÔòÁ         
       [32m~~~~~~~~~
~~~~~~~~~[0m


[31mX [41;31m[[41;
97mERROR[41;31m][0m
 [1mTS2322: Type 
'"small"' is not 
assignable to type 
'"normal" | "large" 
| "xlarge" | 
undefined'.[0m 
[1m[35m[plugin 
angular-compiler][0m

    src/app/pages/hom
e/dashboard/dashboard
.html:129:62:
[37m      129 Ôöé 
...               [ti
tle]="ticket.assignee
" [32msize[37m="sma
ll"></p-avatar>
          ÔòÁ        
                     
                
[32m~~~~[0m

  Error occurs in 
the template of 
component Dashboard.

    src/app/pages/hom
e/dashboard/dashboard
.ts:42:15:
[37m      42 Ôöé   
templateUrl: [32m'./
dashboard.html'[37m,
         ÔòÁ         
       [32m~~~~~~~~~
~~~~~~~~~[0m


[31mX [41;31m[[41;
97mERROR[41;31m][0m
 [1mTS2322: Type 
'"small"' is not 
assignable to type 
'"normal" | "large" 
| "xlarge" | 
undefined'.[0m 
[1m[35m[plugin 
angular-compiler][0m

    src/app/pages/hom
e/dashboard/dashboard
.html:158:62:
[37m      158 Ôöé 
...               [ti
tle]="ticket.assignee
" [32msize[37m="sma
ll"></p-avatar>
          ÔòÁ        
                     
                
[32m~~~~[0m

  Error occurs in 
the template of 
component Dashboard.

    src/app/pages/hom
e/dashboard/dashboard
.ts:42:15:
[37m      42 Ôöé   
templateUrl: [32m'./
dashboard.html'[37m,
         ÔòÁ         
       [32m~~~~~~~~~
~~~~~~~~~[0m


[31mX [41;31m[[41;
97mERROR[41;31m][0m
 [1mTS2322: Type 
'"small"' is not 
assignable to type 
'"normal" | "large" 
| "xlarge" | 
undefined'.[0m 
[1m[35m[plugin 
angular-compiler][0m

    src/app/pages/hom
e/dashboard/dashboard
.html:187:62:
[37m      187 Ôöé 
...               [ti
tle]="ticket.assignee
" [32msize[37m="sma
ll"></p-avatar>
          ÔòÁ        
                     
                
[32m~~~~[0m

  Error occurs in 
the template of 
component Dashboard.

    src/app/pages/hom
e/dashboard/dashboard
.ts:42:15:
[37m      42 Ôöé   
templateUrl: [32m'./
dashboard.html'[37m,
         ÔòÁ         
       [32m~~~~~~~~~
~~~~~~~~~[0m

[39m[22m
